type	submitter_donor_id	gender	submitter_specimen_id	tumour_normal_designation	specimen_type	specimen_tissue_source	submitter_sample_id	sample_type	submitter_matched_normal_sample_id	submitter_sequencing_experiment_id	sequencing_center	platform	platform_model	experimental_strategy	sequencing_date	library_preparation_kit	library_strandedness	rin	dv200	primary_target_regions	capture_target_regions	number_of_genes	gene_padding	coverage	target_capture_kit	program_id	read_group_count
sequencing_experiment	HCC1143	Female	HCC1143_BAM_INPUT	Normal	Cell line - derived from normal	Blood derived	HCC1143_BAM_INPUT	Total DNA		TEST_EXP	EXT	ILLUMINA	HiSeq 2000	WXS	2014-12-12					DUMMY_VAL	DUMMY_VAL				DUMMY_VAL	TEST-PRO	3
