type	submitter_donor_id	gender	submitter_specimen_id	tumour_normal_designation	specimen_type	specimen_tissue_source	submitter_sample_id	sample_type	submitter_matched_normal_sample_id	submitter_sequencing_experiment_id	sequencing_center	platform	platform_model	experimental_strategy	sequencing_date	library_preparation_kit	library_strandedness	rin	dv200	primary_target_regions	capture_target_regions	number_of_genes	gene_padding	coverage	target_capture_kit	program_id	read_group_count
sequencing_experiment	TEST_SUBMITTER_DONOR_ID_jpupbblgfa	Male	TEST_SUBMITTER_SPECIMEN_ID_jpupbblgfa	Tumour	Primary tumour	Other	TEST_SUBMITTER_SAMPLE_ID_jpupbblgfa	Total RNA		EXP-9	QCMG	ILLUMINA	Illumina HiSeq 2000	RNA-Seq			FIRST_READ_ANTISENSE_STRAND									TEST-PR	5
