submitter_read_group_id	read_group_id_in_bam	submitter_sequencing_experiment_id	platform_unit	is_paired_end	file_r1	file_r2	read_length_r1	read_length_r2	insert_size	sample_barcode	library_name	type
C0HVY.2			74_8a	True	test_rg_3.bam	test_rg_3.bam			298		Pond-147580	read_group
D0RE2.1			74_8b	True	test_rg_3.bam	test_rg_3.bam			298		Pond-147580	read_group
D0RH0.2			74_8c	True	test_rg_3.bam	test_rg_3.bam			298		Pond-147580	read_group
