type	submitter_donor_id	gender	submitter_specimen_id	tumour_normal_designation	specimen_type	specimen_tissue_source	submitter_sample_id	sample_type	submitter_matched_normal_sample_id	submitter_sequencing_experiment_id	sequencing_center	platform	platform_model	experimental_strategy	sequencing_date	library_isolation_protocol	library_preparation_kit	library_strandedness	rin	dv200	spike_ins_included	spike_ins_fasta	spike_ins_concentration	target_capture_kit	program_id	read_group_count
sequencing_experiment	TEST_SUBMITTER_DONOR_ID_jpupbblgfa	Male	TEST_SUBMITTER_SPECIMEN_ID_jpupbblgfa	Tumour	Primary tumour - adjacent to normal	Buccal cell	TEST_SUBMITTER_SAMPLE_ID_jpupbblgfaRNA	Total RNA		EXP-9	QCMG	ILLUMINA	Illumina HiSeq 2000	RNA-Seq				FIRST_READ_ANTISENSE_STRAND							TEST-QA	4
