submitter_read_group_id	read_group_id_in_bam	submitter_sequencing_experiment_id	platform_unit	is_paired_end	file_r1	file_r2	read_length_r1	read_length_r2	insert_size	sample_barcode	library_name	type
QCMG_866d65b8-ff3f-11e4-b413-bdbd66be296d_130711_7001243_0176_BD2B86ACXX.lane_8.CTTGTA.1_8043985	QCMG:866d65b8-ff3f-11e4-b413-bdbd66be296d:130711_7001243_0176_BD2B86ACXX.lane_8.CTTGTA.1		QCMG_866d65b8-ff3f-11e4-b413-bdbd66be296d_130711_7001243_0176_BD2B86ACXX.lane_8.CTTGTA.1_8043985	True	anon_chr1_complete.bam	anon_chr1_complete.bam	101	101			RNA-Seq:QCMG:QCMG:130711_7001243_0176_BD2B86ACXX.lane_8.CTTGTA:RNA-Seq:QCMG:Illumina TruSeq for Library_20130620_F	read_group
QCMG_91ce15f2-ff3e-11e4-9d73-85b485b025f8_130711_7001243_0176_BD2B86ACXX.lane_5.CTTGTA.1_8043985	QCMG:91ce15f2-ff3e-11e4-9d73-85b485b025f8:130711_7001243_0176_BD2B86ACXX.lane_5.CTTGTA.1		QCMG_91ce15f2-ff3e-11e4-9d73-85b485b025f8_130711_7001243_0176_BD2B86ACXX.lane_5.CTTGTA.1_8043985	True	anon_chr1_complete.bam	anon_chr1_complete.bam	101	101			RNA-Seq:QCMG:QCMG:130711_7001243_0176_BD2B86ACXX.lane_5.CTTGTA:RNA-Seq:QCMG:Illumina TruSeq for Library_20130620_F	read_group
QCMG_dd3f83b8-ff3e-11e4-81af-910d0943bdb6_130711_7001243_0176_BD2B86ACXX.lane_6.CTTGTA.1_8043985	QCMG:dd3f83b8-ff3e-11e4-81af-910d0943bdb6:130711_7001243_0176_BD2B86ACXX.lane_6.CTTGTA.1		QCMG_dd3f83b8-ff3e-11e4-81af-910d0943bdb6_130711_7001243_0176_BD2B86ACXX.lane_6.CTTGTA.1_8043985	True	anon_chr1_complete.bam	anon_chr1_complete.bam	101	101			RNA-Seq:QCMG:QCMG:130711_7001243_0176_BD2B86ACXX.lane_6.CTTGTA:RNA-Seq:QCMG:Illumina TruSeq for Library_20130620_F	read_group
QCMG_22f321c6-ff3f-11e4-8e8b-f8a0800c69f0_130711_7001243_0176_BD2B86ACXX.lane_7.CTTGTA.1_8043985	QCMG:22f321c6-ff3f-11e4-8e8b-f8a0800c69f0:130711_7001243_0176_BD2B86ACXX.lane_7.CTTGTA.1		QCMG_22f321c6-ff3f-11e4-8e8b-f8a0800c69f0_130711_7001243_0176_BD2B86ACXX.lane_7.CTTGTA.1_8043985	True	anon_chr1_complete.bam	anon_chr1_complete.bam	101	101			RNA-Seq:QCMG:QCMG:130711_7001243_0176_BD2B86ACXX.lane_7.CTTGTA:RNA-Seq:QCMG:Illumina TruSeq for Library_20130620_F	read_group
