Differing values found when comparing 'samples/donor/submitterDonorId' : user - EVIL_TEST_DONOR vs auto_gen - TEST_DONOR
Differing values found when comparing 'read_groups/read_group_id_in_bam' : user - QCMG:22f321c6-ff3f-11e4-8e8b-f8a0800c69f0:130711_7001243_0176_BD2B86ACXX.lane_7.GCACAG.1 vs auto_gen - QCMG:22f321c6-ff3f-11e4-8e8b-f8a0800c69f0:130711_7001243_0176_BD2B86ACXX.lane_7.CTTGTA.1
Differing values found when comparing 'read_groups/library_name' : user - RNA-Seq:QCMG:QCMG:130711_7001243_0176_BD2B86ACXX.lane_7.GCACAG:RNA-Seq:QCMG:Illumina vs auto_gen - RNA-Seq:QCMG:QCMG:130711_7001243_0176_BD2B86ACXX.lane_7.CTTGTA:RNA-Seq:QCMG:Illumina
Differing values found when comparing 'read_groups/read_group_id_in_bam' : user - QCMG:866d65b8-ff3f-11e4-b413-bdbd66be296d:130711_7001243_0176_BD2B86ACXX.lane_8.GCACAG.1 vs auto_gen - QCMG:866d65b8-ff3f-11e4-b413-bdbd66be296d:130711_7001243_0176_BD2B86ACXX.lane_8.CTTGTA.1
Differing values found when comparing 'read_groups/library_name' : user - RNA-Seq:QCMG:QCMG:130711_7001243_0176_BD2B86ACXX.lane_8.GCACAG:RNA-Seq:QCMG:Illumina vs auto_gen - RNA-Seq:QCMG:QCMG:130711_7001243_0176_BD2B86ACXX.lane_8.CTTGTA:RNA-Seq:QCMG:Illumina
Differing values found when comparing 'read_groups/read_group_id_in_bam' : user - QCMG:91ce15f2-ff3e-11e4-9d73-85b485b025f8:130711_7001243_0176_BD2B86ACXX.lane_5.GCACAG.1 vs auto_gen - QCMG:91ce15f2-ff3e-11e4-9d73-85b485b025f8:130711_7001243_0176_BD2B86ACXX.lane_5.CTTGTA.1
Differing values found when comparing 'read_groups/library_name' : user - RNA-Seq:QCMG:QCMG:130711_7001243_0176_BD2B86ACXX.lane_5.GCACAG:RNA-Seq:QCMG:Illumina vs auto_gen - RNA-Seq:QCMG:QCMG:130711_7001243_0176_BD2B86ACXX.lane_5.CTTGTA:RNA-Seq:QCMG:Illumina
Differing values found when comparing 'read_groups/read_group_id_in_bam' : user - QCMG:dd3f83b8-ff3e-11e4-81af-910d0943bdb6:130711_7001243_0176_BD2B86ACXX.lane_6.GCACAG.1 vs auto_gen - QCMG:dd3f83b8-ff3e-11e4-81af-910d0943bdb6:130711_7001243_0176_BD2B86ACXX.lane_6.CTTGTA.1
'read_groups/read_length_r1' not found in user generated JSON
'read_groups/read_length_r2' not found in user generated JSON
Differing values found when comparing 'read_groups/library_name' : user - RNA-Seq:QCMG:QCMG:130711_7001243_0176_BD2B86ACXX.lane_6.GCACAG:RNA-Seq:QCMG:Illumina vs auto_gen - RNA-Seq:QCMG:QCMG:130711_7001243_0176_BD2B86ACXX.lane_6.CTTGTA:RNA-Seq:QCMG:Illumina
