analysisState	publishedAt	submitterSampleId	submitterSpecimenId	submitterDonorId	sampleId	specimenId	donorId	analysisId	studyId	objectId	fileName	fileMd5sum	fileSize	original_fileName	original_fileMd5sum	original_fileSize
PUBLISHED	2022-11-08T15:10:01.915982	TEST_SUBMITTER_SAMPLE_ID_jpupbblgfaRNA	TEST_SUBMITTER_SPECIMEN_ID_jpupbblgfa	TEST_SUBMITTER_DONOR_ID_jpupbblgfa	SA624744	SP224726	DO263273	1ff6dbc5-8726-4184-b6db-c58726d184cc	TEST-QA	de5fe329-ad18-5b19-ab7c-29fefbcefe28	anon_chr1_completeA.bam	53158899dbb7d52b8057d4b13805cb64	269446	anon_chr1_completeA.cram	0d1776d44d8da87758d6b159aa8e6bc5	132507
PUBLISHED	2022-11-08T15:10:01.915982	TEST_SUBMITTER_SAMPLE_ID_jpupbblgfaRNA	TEST_SUBMITTER_SPECIMEN_ID_jpupbblgfa	TEST_SUBMITTER_DONOR_ID_jpupbblgfa	SA624744	SP224726	DO263273	1ff6dbc5-8726-4184-b6db-c58726d184cc	TEST-QA	4ebbafdc-84b2-5cba-b6c6-c14f2d3e564a	anon_chr1_completeB.bam	10602783c61b15142a6ec7f631d3b4c4	269446	anon_chr1_completeB.cram	0d1776d44d8da87758d6b159aa8e6bc5	132507
PUBLISHED	2022-11-08T15:10:01.915982	TEST_SUBMITTER_SAMPLE_ID_jpupbblgfaRNA	TEST_SUBMITTER_SPECIMEN_ID_jpupbblgfa	TEST_SUBMITTER_DONOR_ID_jpupbblgfa	SA624744	SP224726	DO263273	1ff6dbc5-8726-4184-b6db-c58726d184cc	TEST-QA	883ce144-6d3e-5716-b923-ddb462b7e8e6	C0HVY.2_r1.fq.gz	c4971f805930e9e31e1c45314c652d3c	2040			
PUBLISHED	2022-11-08T15:10:01.915982	TEST_SUBMITTER_SAMPLE_ID_jpupbblgfaRNA	TEST_SUBMITTER_SPECIMEN_ID_jpupbblgfa	TEST_SUBMITTER_DONOR_ID_jpupbblgfa	SA624744	SP224726	DO263273	1ff6dbc5-8726-4184-b6db-c58726d184cc	TEST-QA	e2c18496-ee70-5eaf-8116-3d66c1e405aa	C0HVY.2_r2.fq.gz	f60026e682bf55f014c84d494112aa13	2042			
