analysisState	publishedAt	submitterSampleId	submitterSpecimenId	submitterDonorId	sampleId	specimenId	donorId	analysisId	studyId	objectId	fileName	fileMd5sum
PUBLISHED	2022-11-22T19:51:05.708225	SL67	TU63	DN7	SA624561	SP224615	DO263184	8f7d51a3-e7e3-487f-bd51-a3e7e3687f7f	DATA-CA	e2a8cd91-578e-5851-80fd-5a607404eb0d	TU63.0.R1.fastq.gz	fadfd7e6d62f7847a273a8172b8b6c5b
PUBLISHED	2022-11-22T19:51:05.708225	SL67	TU63	DN7	SA624561	SP224615	DO263184	8f7d51a3-e7e3-487f-bd51-a3e7e3687f7f	DATA-CA	a44dda38-ec8f-5436-aa6e-f925f3beee69	TU63.1.R1.fastq.gz	35bbe4b45f46ac59794c397ded077c0a
PUBLISHED	2022-11-22T19:51:05.708225	SL67	TU63	DN7	SA624561	SP224615	DO263184	8f7d51a3-e7e3-487f-bd51-a3e7e3687f7f	DATA-CA	64afbc99-0dec-5b44-961b-6f097e8ffb68	TU63.2.R1.fastq.gz	38daca9509ae9ff8172780489332ec35
PUBLISHED	2022-11-22T19:51:05.708225	SL67	TU63	DN7	SA624561	SP224615	DO263184	8f7d51a3-e7e3-487f-bd51-a3e7e3687f7f	DATA-CA	50c85593-bae3-55aa-af76-dd8d605a0dd8	TU63.0.R2.fastq.gz	e14f248dea6d3b3c149620c204321d97
PUBLISHED	2022-11-22T19:51:05.708225	SL67	TU63	DN7	SA624561	SP224615	DO263184	8f7d51a3-e7e3-487f-bd51-a3e7e3687f7f	DATA-CA	46f20a55-4425-59e0-b715-f865bb6911b3	TU63.1.R2.fastq.gz	1f31503aad97ca24712cf1c44e19cb44
PUBLISHED	2022-11-22T19:51:05.708225	SL67	TU63	DN7	SA624561	SP224615	DO263184	8f7d51a3-e7e3-487f-bd51-a3e7e3687f7f	DATA-CA	2495fd0f-0c5f-55cc-91ac-2c54d2ae4dca	TU63.2.R2.fastq.gz	31e8d713e0c36dcf1c45bc6792248261
